Setting seed: 42
Warp 1.12.0 initialized:
   CUDA Toolkit 12.9, Driver 13.0
   Devices:
     "cpu"      : "x86_64"
     "cuda:0"   : "NVIDIA GeForce RTX 5080" (15 GiB, sm_120, mempool enabled)
   Kernel cache:
     /home/rbdo/.cache/warp/1.12.0
Warp DeprecationWarning: The symbol `warp.context.runtime` will soon be removed from the public API. It can still be accessed from `warp._src.context.runtime` but might be changed or removed without notice.
Module mujoco_warp._src.smooth f756680 load on device 'cuda:0' took 9.51 ms  (cached)
Module mujoco_warp._src.collision_driver 4d8b905 load on device 'cuda:0' took 1.04 ms  (cached)
Module _nxn_broadphase__locals__kernel_e916423b e916423 load on device 'cuda:0' took 1.20 ms  (cached)
Module _primitive_narrowphase__locals__primitive_narrowphase_7f28fe80 7f28fe8 load on device 'cuda:0' took 1.66 ms  (cached)
Module mujoco_warp._src.constraint 63c97cb load on device 'cuda:0' took 6.56 ms  (cached)
Module mujoco_warp._src.forward d18bd38 load on device 'cuda:0' took 16.63 ms  (cached)
Module mujoco_warp._src.passive 7fb8524 load on device 'cuda:0' took 2.74 ms  (cached)
Module mujoco_warp._src.sensor 912ac95 load on device 'cuda:0' took 7.18 ms  (cached)
Module mujoco_warp._src.forward 4b2ed81 load on device 'cuda:0' took 4.05 ms  (cached)
Module mujoco_warp._src.support 343d1ae load on device 'cuda:0' took 1.11 ms  (cached)
Module _tile_cholesky_factorize_solve__locals__cholesky_factorize_solve_886404d2 159512a load on device 'cuda:0' took 90.94 ms  (cached)
Module mujoco_warp._src.solver eaac975 load on device 'cuda:0' took 4.77 ms  (cached)
Module solve_init_jaref__locals__kernel_314bd857 314bd85 load on device 'cuda:0' took 0.90 ms  (cached)
Module mul_m_dense__locals___mul_m_dense_c372b8a5 c372b8a load on device 'cuda:0' took 0.86 ms  (cached)
Module update_constraint_efc__locals__kernel_84abb40b 84abb40 load on device 'cuda:0' took 0.97 ms  (cached)
Module update_constraint_gauss_cost__locals__kernel_ef360293 ef36029 load on device 'cuda:0' took 1.04 ms  (cached)
Module update_gradient_JTDAJ_dense_tiled__locals__kernel_2e5af601 a34ca0f load on device 'cuda:0' took 1.72 ms  (cached)
Module update_gradient_cholesky__locals__kernel_10e97a41 ebdd544 load on device 'cuda:0' took 80.54 ms  (cached)
Module linesearch_jv_fused__locals__kernel_171b5723 171b572 load on device 'cuda:0' took 1.19 ms  (cached)
Module linesearch_prepare_gauss__locals__kernel_7bbb5979 7bbb597 load on device 'cuda:0' took 1.24 ms  (cached)
Module update_constraint_efc__locals__kernel_19805a28 19805a2 load on device 'cuda:0' took 1.19 ms  (cached)
Module _contact_sort__locals__contact_sort_c2bd81ce 47863e6 load on device 'cuda:0' took 1.08 ms  (cached)
Module mujoco_warp._src.derivative 9dcaac1 load on device 'cuda:0' took 1.70 ms  (cached)
Module reset_data__locals__reset_xfrc_applied_f86f0829 f86f082 load on device 'cuda:0' took 1.42 ms  (cached)
Module reset_data__locals__reset_qM_1511185b 1511185 load on device 'cuda:0' took 1.23 ms  (cached)
Module reset_data__locals__reset_mocap_841cb68f 841cb68 load on device 'cuda:0' took 1.13 ms  (cached)
Module reset_data__locals__reset_contact_76c1c25e 76c1c25 load on device 'cuda:0' took 1.17 ms  (cached)
Module reset_data__locals__reset_nworld_d108b6ac d108b6a load on device 'cuda:0' took 1.75 ms  (cached)

+---------------------------------+
|         Base Environment        |
+------------------------+--------+
| Property               | Value  |
+------------------------+--------+
| Number of environments | 1      |
| Environment device     | cuda:0 |
| Environment seed       | 42     |
| Physics step-size      | 0.0001 |
| Environment step-size  | 0.02   |
+------------------------+--------+

[INFO] <EventManager> contains 2 active terms.
+-------------------------------------+
| Active Event Terms in Mode: 'reset' |
+--------+----------------------------+
| Index  | Name                       |
+--------+----------------------------+
|   0    | reset_base                 |
|   1    | reset_robot_joints         |
|   2    | randomize_terrain          |
+--------+----------------------------+
+---------------------------------------+
| Active Event Terms in Mode: 'startup' |
+-----------+---------------------------+
|   Index   | Name                      |
+-----------+---------------------------+
|     0     | foot_friction             |
|     1     | encoder_bias              |
|     2     | base_com                  |
+-----------+---------------------------+
+-----------------------------+
| Domain Randomization Fields |
+-------+---------------------+
| Index | Field Name          |
+-------+---------------------+
|   0   | geom_friction       |
|   1   | body_ipos           |
|   2   | body_subtreemass    |
|   3   | dof_invweight0      |
|   4   | body_invweight0     |
|   5   | tendon_length0      |
|   6   | tendon_invweight0   |
+-------+---------------------+

[INFO] <CommandManager> contains 1 active terms.
+----------------------------------------+
|          Active Command Terms          |
+-------+-------+------------------------+
| Index | Name  |          Type          |
+-------+-------+------------------------+
|   0   | twist | UniformVelocityCommand |
+-------+-------+------------------------+

[INFO] <ActionManager> contains 1 active terms.
+---------------------------------+
| Active Action Terms (shape: 12) |
+-------+-----------+-------------+
| Index | Name      |   Dimension |
+-------+-----------+-------------+
|   0   | joint_pos |          12 |
+-------+-----------+-------------+

[INFO] <ObservationManager> contains 2 groups.
+-----------------------------------------------------------+
| Active Observation Terms in Group: 'actor' (shape: (47,)) |
+--------+------------------------+-------------------------+
| Index  | Name                   |          Shape          |
+--------+------------------------+-------------------------+
|   0    | base_ang_vel           |      (3,)  ← 1×(3,)     |
|   1    | projected_gravity      |      (3,)  ← 1×(3,)     |
|   2    | command                |      (3,)  ← 1×(3,)     |
|   3    | phase                  |      (2,)  ← 1×(2,)     |
|   4    | joint_pos              |     (12,)  ← 1×(12,)    |
|   5    | joint_vel              |     (12,)  ← 1×(12,)    |
|   6    | actions                |     (12,)  ← 1×(12,)    |
+--------+------------------------+-------------------------+
+------------------------------------------------------------+
| Active Observation Terms in Group: 'critic' (shape: (74,)) |
+--------+--------------------------+------------------------+
| Index  | Name                     |         Shape          |
+--------+--------------------------+------------------------+
|   0    | base_ang_vel             |     (3,)  ← 1×(3,)     |
|   1    | projected_gravity        |     (3,)  ← 1×(3,)     |
|   2    | command                  |     (3,)  ← 1×(3,)     |
|   3    | phase                    |     (2,)  ← 1×(2,)     |
|   4    | joint_pos                |    (12,)  ← 1×(12,)    |
|   5    | joint_vel                |    (12,)  ← 1×(12,)    |
|   6    | actions                  |    (12,)  ← 1×(12,)    |
|   7    | base_lin_vel             |     (3,)  ← 1×(3,)     |
|   8    | foot_height              |     (4,)  ← 1×(4,)     |
|   9    | foot_air_time            |     (4,)  ← 1×(4,)     |
|   10   | foot_contact             |     (4,)  ← 1×(4,)     |
|   11   | foot_contact_forces      |    (12,)  ← 1×(12,)    |
+--------+--------------------------+------------------------+

[INFO] <TerminationManager> contains 3 active terms.
+------------------------------------+
|      Active Termination Terms      |
+-------+-----------------+----------+
| Index | Name            | Time Out |
+-------+-----------------+----------+
|   0   | time_out        |   True   |
|   1   | fell_over       |  False   |
|   2   | illegal_contact |  False   |
+-------+-----------------+----------+

[INFO] <RewardManager> contains 15 active terms.
+-------------------------------------------+
|            Active Reward Terms            |
+-------+------------------------+----------+
| Index | Name                   |   Weight |
+-------+------------------------+----------+
|   0   | track_linear_velocity  |      1.0 |
|   1   | track_angular_velocity |      1.0 |
|   2   | body_orientation_l2    |     -1.0 |
|   3   | pose                   |      1.0 |
|   4   | body_ang_vel           |    -0.05 |
|   5   | angular_momentum       |   -0.025 |
|   6   | is_terminated          |   -200.0 |
|   7   | joint_acc_l2           | -2.5e-07 |
|   8   | joint_pos_limits       |    -10.0 |
|   9   | action_rate_l2         |    -0.05 |
|   10  | foot_gait              |      0.5 |
|   11  | foot_clearance         |     -1.0 |
|   12  | foot_slip              |    -0.25 |
|   13  | soft_landing           |   -0.001 |
|   14  | stand_still            |     -1.0 |
+-------+------------------------+----------+
[libx264 @ 0x2039aac0] MB rate (60000) > level limit (40500)

[INFO] <NullCurriculumManager> (inactive)
[INFO] <MetricsManager> contains 1 active terms.
+-------------------------+
|   Active Metrics Terms  |
+-------+-----------------+
| Index | Name            |
+-------+-----------------+
|   0   | mean_action_acc |
+-------+-----------------+

Module mujoco_warp._src.io ad190f3 load on device 'cuda:0' took 6.68 ms  (cached)
Module _tile_cholesky_factorize__locals__cholesky_factorize_bd98e5db 78076c6 load on device 'cuda:0' took 70.88 ms  (cached)
Module _tile_cholesky_solve__locals__cholesky_solve_7bd08b0a 54b9810 load on device 'cuda:0' took 109.27 ms  (cached)
[DYNPRM3 @ build]     [0.8102, 0.8102, 0.8102, 0.8102, 0.8102, 0.8102, 0.8102, 0.8102, 0.8102, 0.8102, 0.8102, 0.8102]
[INFO] MethodA FR_calf plant Kt·gr / Ke·gr × 0.6 (idx 9). Controller _Ktgr / _Kegr unchanged.
--------------------------------------------------------------------------------
Resolved observation sets: 
	 actor :  ('actor',)
	 critic :  ('critic',)
--------------------------------------------------------------------------------
Actor Model: MLPModel(
  (obs_normalizer): EmpiricalNormalization()
  (distribution): GaussianDistribution()
  (mlp): MLP(
    (0): Linear(in_features=47, out_features=512, bias=True)
    (1): ELU(alpha=1.0)
    (2): Linear(in_features=512, out_features=256, bias=True)
    (3): ELU(alpha=1.0)
    (4): Linear(in_features=256, out_features=128, bias=True)
    (5): ELU(alpha=1.0)
    (6): Linear(in_features=128, out_features=12, bias=True)
  )
)
Critic Model: MLPModel(
  (obs_normalizer): EmpiricalNormalization()
  (mlp): MLP(
    (0): Linear(in_features=74, out_features=512, bias=True)
    (1): ELU(alpha=1.0)
    (2): Linear(in_features=512, out_features=256, bias=True)
    (3): ELU(alpha=1.0)
    (4): Linear(in_features=256, out_features=128, bias=True)
    (5): ELU(alpha=1.0)
    (6): Linear(in_features=128, out_features=1, bias=True)
  )
)
[DYNPRM3 @ rollout]    [0.8102, 0.8102, 0.8102, 0.8102, 0.8102, 0.8102, 0.8102, 0.8102, 0.8102, 0.8102, 0.8102, 0.8102]
[DYNPRM3 @ end]        [0.8102, 0.8102, 0.8102, 0.8102, 0.8102, 0.8102, 0.8102, 0.8102, 0.8102, 0.8102, 0.8102, 0.8102]
[I_actual] max per col (A): [7.409999847412109, 4.730000019073486, 4.070000171661377, 5.840000152587891, 5.199999809265137, 10.039999961853027, 9.739999771118164, 5.0, 19.020000457763672, 24.940000534057617, 21.190000534057617, 19.3700008392334]
[I_actual] Go2 spec limit:  [29.0, 29.0, 29.0, 29.0, 29.0, 29.0, 29.0, 29.0, 55.540000915527344, 55.540000915527344, 55.540000915527344, 55.540000915527344]
[I_actual] %%-of-limit max: [25.600000381469727, 16.299999237060547, 14.0, 20.100000381469727, 17.899999618530273, 34.599998474121094, 33.599998474121094, 17.200000762939453, 34.20000076293945, 44.900001525878906, 38.20000076293945, 34.900001525878906]
[OK] Data saved: results/demag_rerun_ke_fixed/data/methoda/FR_0.6.npz
[OK] Video saved: results/demag_rerun_ke_fixed/videos/methoda_FR_0.6.mp4 (1000 frames @ 50fps, 9345 KB)
[OK] FR×0.6: measured ratio 0.566 (within ±0.05 of spec)
