[KI OVERRIDE] Ki -> 0.0 on 3 actuator cfgs.
Setting seed: 42
Warp 1.12.0 initialized:
   CUDA Toolkit 12.9, Driver 13.0
   Devices:
     "cpu"      : "x86_64"
     "cuda:0"   : "NVIDIA GeForce RTX 5080" (15 GiB, sm_120, mempool enabled)
   Kernel cache:
     /home/rbdo/.cache/warp/1.12.0
Warp DeprecationWarning: The symbol `warp.context.runtime` will soon be removed from the public API. It can still be accessed from `warp._src.context.runtime` but might be changed or removed without notice.
Module mujoco_warp._src.smooth f756680 load on device 'cuda:0' took 6.64 ms  (cached)
Module mujoco_warp._src.collision_driver 4d8b905 load on device 'cuda:0' took 2.05 ms  (cached)
Module _nxn_broadphase__locals__kernel_e916423b e916423 load on device 'cuda:0' took 1.34 ms  (cached)
Module _primitive_narrowphase__locals__primitive_narrowphase_7f28fe80 7f28fe8 load on device 'cuda:0' took 3.29 ms  (cached)
Module mujoco_warp._src.constraint 63c97cb load on device 'cuda:0' took 13.06 ms  (cached)
Module mujoco_warp._src.forward 4024fa3 load on device 'cuda:0' took 4.86 ms  (cached)
Module mujoco_warp._src.passive 7fb8524 load on device 'cuda:0' took 3.29 ms  (cached)
Module mujoco_warp._src.sensor 912ac95 load on device 'cuda:0' took 5.19 ms  (cached)
Module mujoco_warp._src.forward 0a8205c load on device 'cuda:0' took 3.57 ms  (cached)
Module mujoco_warp._src.support 343d1ae load on device 'cuda:0' took 1.69 ms  (cached)
Module _tile_cholesky_factorize_solve__locals__cholesky_factorize_solve_886404d2 159512a load on device 'cuda:0' took 63.13 ms  (cached)
Module mujoco_warp._src.solver eaac975 load on device 'cuda:0' took 5.68 ms  (cached)
Module solve_init_jaref__locals__kernel_314bd857 314bd85 load on device 'cuda:0' took 3.17 ms  (cached)
Module mul_m_dense__locals___mul_m_dense_c372b8a5 c372b8a load on device 'cuda:0' took 3.62 ms  (cached)
Module update_constraint_efc__locals__kernel_84abb40b 84abb40 load on device 'cuda:0' took 1.91 ms  (cached)
Module update_constraint_gauss_cost__locals__kernel_ef360293 ef36029 load on device 'cuda:0' took 1.56 ms  (cached)
Module update_gradient_JTDAJ_dense_tiled__locals__kernel_2e5af601 a34ca0f load on device 'cuda:0' took 2.85 ms  (cached)
Module update_gradient_cholesky__locals__kernel_10e97a41 ebdd544 load on device 'cuda:0' took 91.18 ms  (cached)
Module linesearch_jv_fused__locals__kernel_171b5723 171b572 load on device 'cuda:0' took 1.29 ms  (cached)
Module linesearch_prepare_gauss__locals__kernel_7bbb5979 7bbb597 load on device 'cuda:0' took 1.18 ms  (cached)
Module update_constraint_efc__locals__kernel_19805a28 19805a2 load on device 'cuda:0' took 2.94 ms  (cached)
Module _contact_sort__locals__contact_sort_c2bd81ce 47863e6 load on device 'cuda:0' took 2.55 ms  (cached)
Module mujoco_warp._src.derivative d8b2bff load on device 'cuda:0' took 2.13 ms  (cached)
Module reset_data__locals__reset_xfrc_applied_f86f0829 f86f082 load on device 'cuda:0' took 3.28 ms  (cached)
Module reset_data__locals__reset_qM_1511185b 1511185 load on device 'cuda:0' took 1.98 ms  (cached)
Module reset_data__locals__reset_mocap_841cb68f 841cb68 load on device 'cuda:0' took 2.17 ms  (cached)
Module reset_data__locals__reset_contact_76c1c25e 76c1c25 load on device 'cuda:0' took 2.16 ms  (cached)
Module reset_data__locals__reset_nworld_d108b6ac d108b6a load on device 'cuda:0' took 1.99 ms  (cached)

+---------------------------------+
|         Base Environment        |
+------------------------+--------+
| Property               | Value  |
+------------------------+--------+
| Number of environments | 1      |
| Environment device     | cuda:0 |
| Environment seed       | 42     |
| Physics step-size      | 0.0001 |
| Environment step-size  | 0.02   |
+------------------------+--------+

[INFO] <EventManager> contains 2 active terms.
+-------------------------------------+
| Active Event Terms in Mode: 'reset' |
+--------+----------------------------+
| Index  | Name                       |
+--------+----------------------------+
|   0    | reset_base                 |
|   1    | reset_robot_joints         |
|   2    | randomize_terrain          |
+--------+----------------------------+
+---------------------------------------+
| Active Event Terms in Mode: 'startup' |
+-----------+---------------------------+
|   Index   | Name                      |
+-----------+---------------------------+
|     0     | foot_friction             |
|     1     | encoder_bias              |
|     2     | base_com                  |
+-----------+---------------------------+
+-----------------------------+
| Domain Randomization Fields |
+-------+---------------------+
| Index | Field Name          |
+-------+---------------------+
|   0   | geom_friction       |
|   1   | body_ipos           |
|   2   | body_subtreemass    |
|   3   | dof_invweight0      |
|   4   | body_invweight0     |
|   5   | tendon_length0      |
|   6   | tendon_invweight0   |
+-------+---------------------+

[INFO] <CommandManager> contains 1 active terms.
+----------------------------------------+
|          Active Command Terms          |
+-------+-------+------------------------+
| Index | Name  |          Type          |
+-------+-------+------------------------+
|   0   | twist | UniformVelocityCommand |
+-------+-------+------------------------+

[INFO] <ActionManager> contains 1 active terms.
+---------------------------------+
| Active Action Terms (shape: 12) |
+-------+-----------+-------------+
| Index | Name      |   Dimension |
+-------+-----------+-------------+
|   0   | joint_pos |          12 |
+-------+-----------+-------------+

[INFO] <ObservationManager> contains 2 groups.
+-----------------------------------------------------------+
| Active Observation Terms in Group: 'actor' (shape: (47,)) |
+--------+------------------------+-------------------------+
| Index  | Name                   |          Shape          |
+--------+------------------------+-------------------------+
|   0    | base_ang_vel           |      (3,)  ← 1×(3,)     |
|   1    | projected_gravity      |      (3,)  ← 1×(3,)     |
|   2    | command                |      (3,)  ← 1×(3,)     |
|   3    | phase                  |      (2,)  ← 1×(2,)     |
|   4    | joint_pos              |     (12,)  ← 1×(12,)    |
|   5    | joint_vel              |     (12,)  ← 1×(12,)    |
|   6    | actions                |     (12,)  ← 1×(12,)    |
+--------+------------------------+-------------------------+
+------------------------------------------------------------+
| Active Observation Terms in Group: 'critic' (shape: (74,)) |
+--------+--------------------------+------------------------+
| Index  | Name                     |         Shape          |
+--------+--------------------------+------------------------+
|   0    | base_ang_vel             |     (3,)  ← 1×(3,)     |
|   1    | projected_gravity        |     (3,)  ← 1×(3,)     |
|   2    | command                  |     (3,)  ← 1×(3,)     |
|   3    | phase                    |     (2,)  ← 1×(2,)     |
|   4    | joint_pos                |    (12,)  ← 1×(12,)    |
|   5    | joint_vel                |    (12,)  ← 1×(12,)    |
|   6    | actions                  |    (12,)  ← 1×(12,)    |
|   7    | base_lin_vel             |     (3,)  ← 1×(3,)     |
|   8    | foot_height              |     (4,)  ← 1×(4,)     |
|   9    | foot_air_time            |     (4,)  ← 1×(4,)     |
|   10   | foot_contact             |     (4,)  ← 1×(4,)     |
|   11   | foot_contact_forces      |    (12,)  ← 1×(12,)    |
+--------+--------------------------+------------------------+

[INFO] <TerminationManager> contains 3 active terms.
+------------------------------------+
|      Active Termination Terms      |
+-------+-----------------+----------+
| Index | Name            | Time Out |
+-------+-----------------+----------+
|   0   | time_out        |   True   |
|   1   | fell_over       |  False   |
|   2   | illegal_contact |  False   |
+-------+-----------------+----------+

[INFO] <RewardManager> contains 15 active terms.
+-------------------------------------------+
|            Active Reward Terms            |
+-------+------------------------+----------+
| Index | Name                   |   Weight |
+-------+------------------------+----------+
|   0   | track_linear_velocity  |      1.0 |
|   1   | track_angular_velocity |      1.0 |
|   2   | body_orientation_l2    |     -1.0 |
|   3   | pose                   |      1.0 |
|   4   | body_ang_vel           |    -0.05 |
|   5   | angular_momentum       |   -0.025 |
|   6   | is_terminated          |   -200.0 |
|   7   | joint_acc_l2           | -2.5e-07 |
|   8   | joint_pos_limits       |    -10.0 |
|   9   | action_rate_l2         |    -0.05 |
|   10  | foot_gait              |      0.5 |
|   11  | foot_clearance         |     -1.0 |
|   12  | foot_slip              |    -0.25 |
|   13  | soft_landing           |   -0.001 |
|   14  | stand_still            |     -1.0 |
+-------+------------------------+----------+
[libx264 @ 0x3202cac0] MB rate (60000) > level limit (40500)

[INFO] <NullCurriculumManager> (inactive)
[INFO] <MetricsManager> contains 1 active terms.
+-------------------------+
|   Active Metrics Terms  |
+-------+-----------------+
| Index | Name            |
+-------+-----------------+
|   0   | mean_action_acc |
+-------+-----------------+

Module mujoco_warp._src.io ad190f3 load on device 'cuda:0' took 8.66 ms  (cached)
Module _tile_cholesky_factorize__locals__cholesky_factorize_bd98e5db 78076c6 load on device 'cuda:0' took 69.61 ms  (cached)
Module _tile_cholesky_solve__locals__cholesky_solve_7bd08b0a 54b9810 load on device 'cuda:0' took 70.67 ms  (cached)
[DYNPRM3 @ build]     [0.8102, 0.8102, 0.8102, 0.8102, 0.8102, 0.8102, 0.8102, 0.8102, 0.8102, 0.8102, 0.8102, 0.8102]
[INFO] aplus_tloop RR_calf plant Kt·gr / Ke·gr × 0.85 (idx 11).
[INFO] Controller _Ktgr / _Kegr unchanged (controller unaware of demag).
--------------------------------------------------------------------------------
Resolved observation sets: 
	 actor :  ('actor',)
	 critic :  ('critic',)
--------------------------------------------------------------------------------
Actor Model: MLPModel(
  (obs_normalizer): EmpiricalNormalization()
  (distribution): GaussianDistribution()
  (mlp): MLP(
    (0): Linear(in_features=47, out_features=512, bias=True)
    (1): ELU(alpha=1.0)
    (2): Linear(in_features=512, out_features=256, bias=True)
    (3): ELU(alpha=1.0)
    (4): Linear(in_features=256, out_features=128, bias=True)
    (5): ELU(alpha=1.0)
    (6): Linear(in_features=128, out_features=12, bias=True)
  )
)
Critic Model: MLPModel(
  (obs_normalizer): EmpiricalNormalization()
  (mlp): MLP(
    (0): Linear(in_features=74, out_features=512, bias=True)
    (1): ELU(alpha=1.0)
    (2): Linear(in_features=512, out_features=256, bias=True)
    (3): ELU(alpha=1.0)
    (4): Linear(in_features=256, out_features=128, bias=True)
    (5): ELU(alpha=1.0)
    (6): Linear(in_features=128, out_features=1, bias=True)
  )
)
[ZERO-INIT] env0  pos=(+0.000, +0.000, +0.320)  quat=(+1.000, +0.000, +0.000, +0.000)  yaw=+0.0000 rad
[ZERO-INIT] env0  lin_vel=(+0.00,+0.00,+0.00)  ang_vel=(+0.00,+0.00,+0.00)
[ZERO-INIT] env0  joint_pos[:4]=[-0.10000000149011612, 0.8999999761581421, -1.7999999523162842, 0.10000000149011612]  joint_vel=0 (all)
[INFO] heading_lock(no_heading_control): vx=+0.50 vy=+0.00 wz=+0.00 | debug=False
[DYNPRM3 @ rollout]    [0.8102, 0.8102, 0.8102, 0.8102, 0.8102, 0.8102, 0.8102, 0.8102, 0.8102, 0.8102, 0.8102, 0.8102]
[DYNPRM3 @ end]        [0.8102, 0.8102, 0.8102, 0.8102, 0.8102, 0.8102, 0.8102, 0.8102, 0.8102, 0.8102, 0.8102, 0.8102]
[I_actual] max per col (A): [5.25, 4.559999942779541, 5.889999866485596, 4.940000057220459, 7.940000057220459, 4.53000020980835, 7.309999942779541, 5.909999847412109, 17.579999923706055, 16.81999969482422, 17.459999084472656, 24.5]
[I_actual] Go2 spec limit:  [29.0, 29.0, 29.0, 29.0, 29.0, 29.0, 29.0, 29.0, 55.540000915527344, 55.540000915527344, 55.540000915527344, 55.540000915527344]
[I_actual] %%-of-limit max: [18.100000381469727, 15.699999809265137, 20.299999237060547, 17.0, 27.399999618530273, 15.600000381469727, 25.200000762939453, 20.399999618530273, 31.600000381469727, 30.299999237060547, 31.399999618530273, 44.099998474121094]
[OK] Data saved: results/heading_lock_compare/aplus_tloop_hl_off/data/aplus_tloop_ki000/RR_0.85.npz
[OK] Video saved: results/heading_lock_compare/aplus_tloop_hl_off/videos/aplus_tloop_ki000_RR_0.85.mp4 (1000 frames @ 50fps, 8473 KB)
[OK] RR×0.85: measured ratio 0.806 (within ±0.05 of spec)
